[    0.000000] Linux version 4.15.0-212-generic (buildd@lcy02-amd64-083) (gcc version 7.5.0 (Ubuntu 7.5.0-3ubuntu1~18.04)) #223-Ubuntu SMP Tue May 23 13:09:22 UTC 2023 (Ubuntu 4.15.0-212.223-generic 4.15.18)
[    0.000000] Command line: BOOT_IMAGE=/boot/vmlinuz-4.15.0-212-generic root=LABEL=cloudimg-rootfs ro console=tty1 console=ttyS0
[    0.000000] KERNEL supported cpus:
[    0.000000]   Intel GenuineIntel
[    0.000000]   AMD AuthenticAMD
[    0.000000]   Centaur CentaurHauls
[    0.000000] x86/fpu: x87 FPU will use FXSAVE
[    0.000000] e820: BIOS-provided physical RAM map:
[    0.000000] BIOS-e820: [mem 0x0000000000000000-0x000000000009fbff] usable
[    0.000000] BIOS-e820: [mem 0x000000000009fc00-0x000000000009ffff] reserved
[    0.000000] BIOS-e820: [mem 0x00000000000f0000-0x00000000000fffff] reserved
[    0.000000] BIOS-e820: [mem 0x0000000000100000-0x000000001ffeffff] usable
[    0.000000] BIOS-e820: [mem 0x000000001fff0000-0x000000001fffffff] ACPI data
[    0.000000] BIOS-e820: [mem 0x00000000fec00000-0x00000000fec00fff] reserved
[    0.000000] BIOS-e820: [mem 0x00000000fee00000-0x00000000fee00fff] reserved
[    0.000000] BIOS-e820: [mem 0x00000000fffc0000-0x00000000ffffffff] reserved
[    0.000000] NX (Execute Disable) protection: active
[    0.000000] SMBIOS 2.5 present.
[    0.000000] DMI: innotek GmbH VirtualBox/VirtualBox, BIOS VirtualBox 12/01/2006
[    0.000000] Hypervisor detected: KVM
[    0.000000] e820: last_pfn = 0x1fff0 max_arch_pfn = 0x400000000
[    0.000000] MTRR: Disabled
[    0.000000] x86/PAT: MTRRs disabled, skipping PAT initialization too.
[    0.000000] CPU MTRRs all blank - virtualized system.
[    0.000000] x86/PAT: Configuration [0-7]: WB  WT  UC- UC  WB  WT  UC- UC  
[    0.000000] found SMP MP-table at [mem 0x0009fff0-0x0009ffff]
[    0.000000] Scanning 1 areas for low memory corruption
[    0.000000] RAMDISK: [mem 0x1dafa000-0x1ee0bfff]
[    0.000000] ACPI: Early table checksum verification disabled
[    0.000000] ACPI: RSDP 0x00000000000E0000 000024 (v02 VBOX  )
[    0.000000] ACPI: XSDT 0x000000001FFF0030 00003C (v01 VBOX   VBOXXSDT 00000001 ASL  00000061)
[    0.000000] ACPI: FACP 0x000000001FFF00F0 0000F4 (v04 VBOX   VBOXFACP 00000001 ASL  00000061)
[    0.000000] ACPI: DSDT 0x000000001FFF0610 002353 (v02 VBOX   VBOXBIOS 00000002 INTL 20100528)
[    0.000000] ACPI: FACS 0x000000001FFF0200 000040
[    0.000000] ACPI: FACS 0x000000001FFF0200 000040
[    0.000000] ACPI: APIC 0x000000001FFF0240 000054 (v02 VBOX   VBOXAPIC 00000001 ASL  00000061)
[    0.000000] ACPI: SSDT 0x000000001FFF02A0 00036C (v01 VBOX   VBOXCPUT 00000002 INTL 20100528)
[    0.000000] ACPI: Reserving FACP table memory at [mem 0x1fff00f0-0x1fff01e3]
[    0.000000] ACPI: Reserving DSDT table memory at [mem 0x1fff0610-0x1fff2962]
[    0.000000] ACPI: Reserving FACS table memory at [mem 0x1fff0200-0x1fff023f]
[    0.000000] ACPI: Reserving FACS table memory at [mem 0x1fff0200-0x1fff023f]
[    0.000000] ACPI: Reserving APIC table memory at [mem 0x1fff0240-0x1fff0293]
[    0.000000] ACPI: Reserving SSDT table memory at [mem 0x1fff02a0-0x1fff060b]
[    0.000000] No NUMA configuration found
[    0.000000] Faking a node at [mem 0x0000000000000000-0x000000001ffeffff]
[    0.000000] NODE_DATA(0) allocated [mem 0x1ffc5000-0x1ffeffff]
[    0.000000] kvm-clock: cpu 0, msr 0:1ff44001, primary cpu clock
[    0.000000] kvm-clock: Using msrs 4b564d01 and 4b564d00
[    0.000000] kvm-clock: using sched offset of 7690312553 cycles
[    0.000000] clocksource: kvm-clock: mask: 0xffffffffffffffff max_cycles: 0x1cd42e4dffb, max_idle_ns: 881590591483 ns
[    0.000000] Zone ranges:
[    0.000000]   DMA      [mem 0x0000000000001000-0x0000000000ffffff]
[    0.000000]   DMA32    [mem 0x0000000001000000-0x000000001ffeffff]
[    0.000000]   Normal   empty
[    0.000000]   Device   empty
[    0.000000] Movable zone start for each node
[    0.000000] Early memory node ranges
[    0.000000]   node   0: [mem 0x0000000000001000-0x000000000009efff]
[    0.000000]   node   0: [mem 0x0000000000100000-0x000000001ffeffff]
[    0.000000] Reserved but unavailable: 104 pages
[    0.000000] Initmem setup node 0 [mem 0x0000000000001000-0x000000001ffeffff]
[    0.000000] ACPI: PM-Timer IO Port: 0x4008
[    0.000000] IOAPIC[0]: apic_id 1, version 32, address 0xfec00000, GSI 0-23
[    0.000000] ACPI: INT_SRC_OVR (bus 0 bus_irq 0 global_irq 2 dfl dfl)
[    0.000000] ACPI: INT_SRC_OVR (bus 0 bus_irq 9 global_irq 9 low level)
[    0.000000] Using ACPI (MADT) for SMP configuration information
[    0.000000] smpboot: Allowing 1 CPUs, 0 hotplug CPUs
[    0.000000] PM: Registered nosave memory: [mem 0x00000000-0x00000fff]
[    0.000000] PM: Registered nosave memory: [mem 0x0009f000-0x0009ffff]
[    0.000000] PM: Registered nosave memory: [mem 0x000a0000-0x000effff]
[    0.000000] PM: Registered nosave memory: [mem 0x000f0000-0x000fffff]
[    0.000000] e820: [mem 0x20000000-0xfebfffff] available for PCI devices
[    0.000000] Booting paravirtualized kernel on KVM
[    0.000000] clocksource: refined-jiffies: mask: 0xffffffff max_cycles: 0xffffffff, max_idle_ns: 7645519600211568 ns
[    0.000000] setup_percpu: NR_CPUS:8192 nr_cpumask_bits:1 nr_cpu_ids:1 nr_node_ids:1
[    0.000000] percpu: Embedded 50 pages/cpu s167936 r8192 d28672 u2097152
[    0.000000] PV qspinlock hash table entries: 256 (order: 0, 4096 bytes)
[    0.000000] Built 1 zonelists, mobility grouping on.  Total pages: 128889
[    0.000000] Policy zone: DMA32
[    0.000000] Kernel command line: BOOT_IMAGE=/boot/vmlinuz-4.15.0-212-generic root=LABEL=cloudimg-rootfs ro console=tty1 console=ttyS0
[    0.000000] Memory: 466748K/523832K available (12300K kernel code, 2477K rwdata, 4324K rodata, 2480K init, 2720K bss, 57084K reserved, 0K cma-reserved)
[    0.000000] SLUB: HWalign=64, Order=0-3, MinObjects=0, CPUs=1, Nodes=1
[    0.000000] Kernel/User page tables isolation: enabled
[    0.000000] ftrace: allocating 39508 entries in 155 pages
[    0.004000] Hierarchical RCU implementation.
[    0.004000] 	RCU restricting CPUs from NR_CPUS=8192 to nr_cpu_ids=1.
[    0.004000] 	Tasks RCU enabled.
[    0.004000] RCU: Adjusting geometry for rcu_fanout_leaf=16, nr_cpu_ids=1
[    0.004000] NR_IRQS: 524544, nr_irqs: 256, preallocated irqs: 16
[    0.004000] random: crng init done
[    0.004000] Console: colour VGA+ 80x25
[    0.004000] console [tty1] enabled
[    0.004000] console [ttyS0] enabled
[    0.004000] ACPI: Core revision 20170831
[    0.004000] ACPI: 2 ACPI AML tables successfully acquired and loaded
[    0.004000] APIC: Switch to symmetric I/O mode setup
[    0.008000] ..TIMER: vector=0x30 apic1=0 pin1=2 apic2=-1 pin2=-1
[    0.008004] tsc: Detected 2808.000 MHz processor
[    0.012008] Calibrating delay loop (skipped) preset value.. 5616.00 BogoMIPS (lpj=11232000)
[    0.016002] pid_max: default: 32768 minimum: 301
[    0.020027] Security Framework initialized
[    0.024003] Yama: becoming mindful.
[    0.028018] AppArmor: AppArmor initialized
[    0.032081] Dentry cache hash table entries: 65536 (order: 7, 524288 bytes)
[    0.036032] Inode-cache hash table entries: 32768 (order: 6, 262144 bytes)
[    0.040017] Mount-cache hash table entries: 1024 (order: 1, 8192 bytes)
[    0.044005] Mountpoint-cache hash table entries: 1024 (order: 1, 8192 bytes)
[    0.052162] Last level iTLB entries: 4KB 64, 2MB 8, 4MB 8
[    0.056002] Last level dTLB entries: 4KB 64, 2MB 0, 4MB 0, 1GB 4
[    0.060003] Spectre V1 : Mitigation: usercopy/swapgs barriers and __user pointer sanitization
[    0.064003] Spectre V2 : Mitigation: Retpolines
[    0.068002] Spectre V2 : Spectre v2 / SpectreRSB mitigation: Filling RSB on context switch
[    0.076004] Spectre V2 : Spectre v2 / SpectreRSB : Filling RSB on VMEXIT
[    0.080005] RETBleed: WARNING: Spectre v2 mitigation leaves CPU vulnerable to RETBleed attacks, data leaks possible!
[    0.084005] RETBleed: Vulnerable
[    0.088003] Speculative Store Bypass: Vulnerable
[    0.092091] MDS: Mitigation: Clear CPU buffers
[    0.096003] MMIO Stale Data: Mitigation: Clear CPU buffers
[    0.100003] SRBDS: Unknown: Dependent on hypervisor status
[    0.110857] Freeing SMP alternatives memory: 36K
[    0.224004] APIC calibration not consistent with PM-Timer: 102ms instead of 100ms
[    0.228000] APIC delta adjusted to PM-Timer: 6344571 (6500370)
[    0.232576] smpboot: CPU0: Intel(R) Core(TM) i7-6700T CPU @ 2.80GHz (family: 0x6, model: 0x5e, stepping: 0x3)
[    0.236066] Performance Events: unsupported p6 CPU model 94 no PMU driver, software events only.
[    0.244032] Hierarchical SRCU implementation.
[    0.248495] NMI watchdog: Perf event create on CPU 0 failed with -2
[    0.256003] NMI watchdog: Perf NMI watchdog permanently disabled
[    0.260033] smp: Bringing up secondary CPUs ...
[    0.264096] smp: Brought up 1 node, 1 CPU
[    0.268002] smpboot: Max logical packages: 1
[    0.272003] smpboot: Total of 1 processors activated (5616.00 BogoMIPS)
[    0.276138] devtmpfs: initialized
[    0.280051] x86/mm: Memory block size: 128MB
[    0.284113] evm: security.selinux
[    0.288004] evm: security.SMACK64
[    0.292002] evm: security.SMACK64EXEC
[    0.296002] evm: security.SMACK64TRANSMUTE
[    0.300002] evm: security.SMACK64MMAP
[    0.304002] evm: security.apparmor
[    0.308002] evm: security.ima
[    0.312002] evm: security.capability
[    0.316144] clocksource: jiffies: mask: 0xffffffff max_cycles: 0xffffffff, max_idle_ns: 7645041785100000 ns
[    0.320009] futex hash table entries: 256 (order: 2, 16384 bytes)
[    0.324031] pinctrl core: initialized pinctrl subsystem
[    0.328515] RTC time: 22:06:51, date: 11/10/24
[    0.332115] NET: Registered protocol family 16
[    0.336065] audit: initializing netlink subsys (disabled)
[    0.340097] cpuidle: using governor ladder
[    0.344005] audit: type=2000 audit(1731276419.175:1): state=initialized audit_enabled=0 res=1
[    0.348004] cpuidle: using governor menu
[    0.352034] ACPI: bus type PCI registered
[    0.356003] acpiphp: ACPI Hot Plug PCI Controller Driver version: 0.5
[    0.360431] PCI: Using configuration type 1 for base access
[    0.365103] HugeTLB registered 2.00 MiB page size, pre-allocated 0 pages
[    0.368200] ACPI: Added _OSI(Module Device)
[    0.372004] ACPI: Added _OSI(Processor Device)
[    0.376003] ACPI: Added _OSI(3.0 _SCP Extensions)
[    0.380002] ACPI: Added _OSI(Processor Aggregator Device)
[    0.384007] ACPI: Added _OSI(Linux-Dell-Video)
[    0.388013] ACPI: Added _OSI(Linux-Lenovo-NV-HDMI-Audio)
[    0.392003] ACPI: Added _OSI(Linux-HPI-Hybrid-Graphics)
[    0.397107] ACPI: Executed 1 blocks of module-level executable AML code
[    0.405954] ACPI: Interpreter enabled
[    0.408012] ACPI: (supports S0 S5)
[    0.412002] ACPI: Using IOAPIC for interrupt routing
[    0.416507] PCI: Using host bridge windows from ACPI; if necessary, use "pci=nocrs" and report a bug
[    0.420302] ACPI: Enabled 2 GPEs in block 00 to 07
[    0.436118] ACPI: PCI Root Bridge [PCI0] (domain 0000 [bus 00-ff])
[    0.440007] acpi PNP0A03:00: _OSC: OS supports [ASPM ClockPM Segments MSI]
[    0.444917] acpi PNP0A03:00: _OSC: not requesting OS control; OS requires [ExtendedConfig ASPM ClockPM MSI]
[    0.448012] acpi PNP0A03:00: fail to add MMCONFIG information, can't access extended PCI configuration space under this bridge.
[    0.452987] PCI host bridge to bus 0000:00
[    0.456006] pci_bus 0000:00: root bus resource [io  0x0000-0x0cf7 window]
[    0.460003] pci_bus 0000:00: root bus resource [io  0x0d00-0xffff window]
[    0.464003] pci_bus 0000:00: root bus resource [mem 0x000a0000-0x000bffff window]
[    0.468003] pci_bus 0000:00: root bus resource [mem 0x20000000-0xfdffffff window]
[    0.472003] pci_bus 0000:00: root bus resource [bus 00-ff]
[    0.486021] pci 0000:00:01.1: legacy IDE quirk: reg 0x10: [io  0x01f0-0x01f7]
[    0.488003] pci 0000:00:01.1: legacy IDE quirk: reg 0x14: [io  0x03f6]
[    0.492003] pci 0000:00:01.1: legacy IDE quirk: reg 0x18: [io  0x0170-0x0177]
[    0.496003] pci 0000:00:01.1: legacy IDE quirk: reg 0x1c: [io  0x0376]
[    0.530840] pci 0000:00:07.0: quirk: [io  0x4000-0x403f] claimed by PIIX4 ACPI
[    0.532049] pci 0000:00:07.0: quirk: [io  0x4100-0x410f] claimed by PIIX4 SMB
[    0.550659] ACPI: PCI Interrupt Link [LNKA] (IRQs 5 9 10 *11)
[    0.552696] ACPI: PCI Interrupt Link [LNKB] (IRQs 5 9 *10 11)
[    0.556254] ACPI: PCI Interrupt Link [LNKC] (IRQs 5 *9 10 11)
[    0.560253] ACPI: PCI Interrupt Link [LNKD] (IRQs 5 9 10 *11)
[    0.564401] SCSI subsystem initialized
[    0.568126] pci 0000:00:02.0: vgaarb: setting as boot VGA device
[    0.572000] pci 0000:00:02.0: vgaarb: VGA device added: decodes=io+mem,owns=io+mem,locks=none
[    0.572004] pci 0000:00:02.0: vgaarb: bridge control possible
[    0.576004] vgaarb: loaded
[    0.580020] ACPI: bus type USB registered
[    0.584018] usbcore: registered new interface driver usbfs
[    0.588010] usbcore: registered new interface driver hub
[    0.592009] usbcore: registered new device driver usb
[    0.596055] EDAC MC: Ver: 3.0.0
[    0.600989] PCI: Using ACPI for IRQ routing
[    0.605009] NetLabel: Initializing
[    0.608002] NetLabel:  domain hash size = 128
[    0.612002] NetLabel:  protocols = UNLABELED CIPSOv4 CALIPSO
[    0.616020] NetLabel:  unlabeled traffic allowed by default
[    0.620126] clocksource: Switched to clocksource kvm-clock
[    0.676591] VFS: Disk quotas dquot_6.6.0
[    0.682252] VFS: Dquot-cache hash table entries: 512 (order 0, 4096 bytes)
[    0.691105] AppArmor: AppArmor Filesystem Enabled
[    0.697207] pnp: PnP ACPI init
[    0.703230] pnp: PnP ACPI: found 3 devices
[    0.717742] clocksource: acpi_pm: mask: 0xffffff max_cycles: 0xffffff, max_idle_ns: 2085701024 ns
[    0.728422] NET: Registered protocol family 2
[    0.735108] IP idents hash table entries: 8192 (order: 4, 65536 bytes)
[    0.744100] TCP established hash table entries: 4096 (order: 3, 32768 bytes)
[    0.753012] TCP bind hash table entries: 4096 (order: 4, 65536 bytes)
[    0.761399] TCP: Hash tables configured (established 4096 bind 4096)
[    0.769318] UDP hash table entries: 256 (order: 1, 8192 bytes)
[    0.776814] UDP-Lite hash table entries: 256 (order: 1, 8192 bytes)
[    0.785019] NET: Registered protocol family 1
[    0.790479] pci 0000:00:00.0: Limiting direct PCI/PCI transfers
[    0.798164] pci 0000:00:01.0: Activating ISA DMA hang workarounds
[    0.806441] pci 0000:00:02.0: Video device with shadowed ROM at [mem 0x000c0000-0x000dffff]
[    0.817772] Unpacking initramfs...
[    1.388459] Freeing initrd memory: 19528K
[    1.394376] clocksource: tsc: mask: 0xffffffffffffffff max_cycles: 0x2879c5f06f2, max_idle_ns: 440795220049 ns
[    1.406561] platform rtc_cmos: registered platform RTC device (no PNP device found)
[    1.416030] Scanning for low memory corruption every 60 seconds
[    1.424526] Initialise system trusted keyrings
[    1.430808] Key type blacklist registered
[    1.436206] workingset: timestamp_bits=36 max_order=17 bucket_order=0
[    1.447268] zbud: loaded
[    1.452278] squashfs: version 4.0 (2009/01/31) Phillip Lougher
[    1.459808] fuse init (API version 7.26)
[    1.467867] Key type asymmetric registered
[    1.473800] Asymmetric key parser 'x509' registered
[    1.480006] Block layer SCSI generic (bsg) driver version 0.4 loaded (major 246)
[    1.489773] io scheduler noop registered
[    1.495193] io scheduler deadline registered
[    1.501465] io scheduler cfq registered (default)
[    1.508505] ACPI: AC Adapter [AC] (on-line)
[    1.514051] input: Power Button as /devices/LNXSYSTM:00/LNXPWRBN:00/input/input0
[    1.523272] ACPI: Power Button [PWRF]
[    1.528904] input: Sleep Button as /devices/LNXSYSTM:00/LNXSLPBN:00/input/input1
[    1.538187] ACPI: Sleep Button [SLPF]
[    1.543834] Serial: 8250/16550 driver, 32 ports, IRQ sharing enabled
[    1.589036] 00:02: ttyS0 at I/O 0x3f8 (irq = 4, base_baud = 115200) is a 16550A
[    1.602100] Linux agpgart interface v0.103
[    1.610401] loop: module loaded
[    1.617240] scsi host0: ata_piix
[    1.621879] scsi host1: ata_piix
[    1.626085] ata1: PATA max UDMA/33 cmd 0x1f0 ctl 0x3f6 bmdma 0xd000 irq 14
[    1.634880] ata2: PATA max UDMA/33 cmd 0x170 ctl 0x376 bmdma 0xd008 irq 15
[    1.644892] tun: Universal TUN/TAP device driver, 1.6
[    1.653128] PPP generic driver version 2.4.2
[    1.659066] ehci_hcd: USB 2.0 'Enhanced' Host Controller (EHCI) Driver
[    1.666719] ehci-pci: EHCI PCI platform driver
[    1.672140] ehci-platform: EHCI generic platform driver
[    1.679031] ohci_hcd: USB 1.1 'Open' Host Controller (OHCI) Driver
[    1.686805] ohci-pci: OHCI PCI platform driver
[    1.692511] ohci-platform: OHCI generic platform driver
[    1.699826] uhci_hcd: USB Universal Host Controller Interface driver
[    1.707134] i8042: PNP: PS/2 Controller [PNP0303:PS2K,PNP0f03:PS2M] at 0x60,0x64 irq 1,12
[    1.720975] serio: i8042 KBD port at 0x60,0x64 irq 1
[    1.727408] serio: i8042 AUX port at 0x60,0x64 irq 12
[    1.734002] mousedev: PS/2 mouse device common for all mice
[    1.743202] input: AT Translated Set 2 keyboard as /devices/platform/i8042/serio0/input/input2
[    1.755944] rtc_cmos rtc_cmos: rtc core: registered rtc_cmos as rtc0
[    1.765206] rtc_cmos rtc_cmos: alarms up to one day, 114 bytes nvram
[    1.774069] i2c /dev entries driver
[    1.779257] device-mapper: uevent: version 1.0.3
[    1.785426] device-mapper: ioctl: 4.37.0-ioctl (2017-09-20) initialised: dm-devel@redhat.com
[    1.795887] ledtrig-cpu: registered to indicate activity on CPUs
[    1.804647] NET: Registered protocol family 10
[    1.882913] Segment Routing with IPv6
[    1.888298] NET: Registered protocol family 17
[    1.894288] Key type dns_resolver registered
[    1.900231] mce: Using 0 MCE banks
[    1.905234] RAS: Correctable Errors collector initialized.
[    1.912557] sched_clock: Marking stable (1912490519, 0)->(3153456875, -1240966356)
[    1.924910] registered taskstats version 1
[    1.930824] Loading compiled-in X.509 certificates
[    1.940818] Loaded X.509 cert 'Build time autogenerated kernel key: b5b26778eaa3ab3a4a6cee031137706e947d12ad'
[    1.953351] Loaded X.509 cert 'Canonical Ltd. Live Patch Signing: 14df34d1a87cf37625abec039ef2bf521249b969'
[    1.966452] Loaded X.509 cert 'Canonical Ltd. Kernel Module Signing: 88f752e560a1e0737e31163a466ad7b70a850c19'
[    1.980299] blacklist: Loading compiled-in revocation X.509 certificates
[    1.989805] Loaded X.509 cert 'Canonical Ltd. Secure Boot Signing: 61482aa2830d0ab2ad5af10b7250da9033ddcef0'
[    2.002630] Loaded X.509 cert 'Canonical Ltd. Secure Boot Signing (2017): 242ade75ac4a15e50d50c84b0d45ff3eae707a03'
[    2.014712] Loaded X.509 cert 'Canonical Ltd. Secure Boot Signing (ESM 2018): 365188c1d374d6b07c3c8f240f8ef722433d6a8b'
[    2.027743] Loaded X.509 cert 'Canonical Ltd. Secure Boot Signing (2019): c0746fd6c5da3ae827864651ad66ae47fe24b3e8'
[    2.040005] Loaded X.509 cert 'Canonical Ltd. Secure Boot Signing (2021 v1): a8d54bbb3825cfb94fa13c9f8a594a195c107b8d'
[    2.052912] Loaded X.509 cert 'Canonical Ltd. Secure Boot Signing (2021 v2): 4cf046892d6fd3c9a5b03f98d845f90851dc6a8c'
[    2.065580] Loaded X.509 cert 'Canonical Ltd. Secure Boot Signing (2021 v3): 100437bb6de6e469b581e61cd66bce3ef4ed53af'
[    2.077989] Loaded X.509 cert 'Canonical Ltd. Secure Boot Signing (Ubuntu Core 2019): c1d57b8f6b743f23ee41f4f7ee292f06eecadfb9'
[    2.092657] zswap: loaded using pool lzo/zbud
[    2.103447] Key type big_key registered
[    2.108753] Key type trusted registered
[    2.116009] Key type encrypted registered
[    2.121613] AppArmor: AppArmor sha1 policy hashing enabled
[    2.129212] ima: No TPM chip found, activating TPM-bypass! (rc=-19)
[    2.137169] ima: Allocated hash algorithm: sha1
[    2.143407] evm: HMAC attrs: 0x1
[    2.149237]   Magic number: 0:183:148
[    2.154762] rtc_cmos rtc_cmos: setting system clock to 2024-11-10 22:06:53 UTC (1731276413)
[    2.164438] BIOS EDD facility v0.16 2004-Jun-25, 0 devices found
[    2.171837] EDD information not available.
[    2.181198] Freeing unused kernel image memory: 2480K
[    2.192154] Write protecting the kernel read-only data: 20480k
[    2.199600] Freeing unused kernel image memory: 2008K
[    2.206254] Freeing unused kernel image memory: 1820K
[    2.218712] x86/mm: Checked W+X mappings: passed, no W+X pages found.
[    2.226766] x86/mm: Checking user space page tables
[    2.239324] x86/mm: Checked W+X mappings: passed, no W+X pages found.
Loading, please wait...
starting version 237
[    2.386466] e1000: Intel(R) PRO/1000 Network Driver - version 7.3.21-k8-NAPI
[    2.396064] e1000: Copyright (c) 1999-2006 Intel Corporation.
[    2.407342] Fusion MPT base driver 3.04.20
[    2.412709] Copyright (c) 1999-2008 LSI Corporation
[    2.447796] SSE version of gcm_enc/dec engaged.
[    2.504260] Fusion MPT SPI Host driver 3.04.20
[    2.707167] input: ImExPS/2 Generic Explorer Mouse as /devices/platform/i8042/serio1/input/input4
[    3.337734] e1000 0000:00:03.0 eth0: (PCI:33MHz:32-bit) 02:3b:7b:b7:3b:2d
[    3.346517] e1000 0000:00:03.0 eth0: Intel(R) PRO/1000 Network Connection
[    3.357191] mptbase: ioc0: Initiating bringup
[    3.475219] ioc0: LSI53C1030 A0: Capabilities={Initiator}
[    3.742163] scsi host2: ioc0: LSI53C1030 A0, FwRev=00000000h, Ports=1, MaxQ=256, IRQ=20
[    3.921851] scsi 2:0:0:0: Direct-Access     VBOX     HARDDISK         1.0  PQ: 0 ANSI: 5
[    3.935125] scsi target2:0:0: Beginning Domain Validation
[    3.948405] scsi target2:0:0: Domain Validation skipping write tests
[    3.956370] scsi target2:0:0: Ending Domain Validation
[    3.964225] scsi target2:0:0: asynchronous
[    3.973625] scsi 2:0:1:0: Direct-Access     VBOX     HARDDISK         1.0  PQ: 0 ANSI: 5
[    3.993491] scsi target2:0:1: Beginning Domain Validation
[    4.063862] scsi target2:0:1: Domain Validation skipping write tests
[    4.071482] scsi target2:0:1: Ending Domain Validation
[    4.091762] scsi target2:0:1: asynchronous
[    4.211998] sd 2:0:0:0: [sda] 83886080 512-byte logical blocks: (42.9 GB/40.0 GiB)
[    4.221840] sd 2:0:0:0: Attached scsi generic sg0 type 0
[    4.240072] sd 2:0:1:0: [sdb] 20480 512-byte logical blocks: (10.5 MB/10.0 MiB)
[    4.249807] sd 2:0:1:0: Attached scsi generic sg1 type 0
[    4.267162] sd 2:0:0:0: [sda] Write Protect is off
[    4.274715] sd 2:0:1:0: [sdb] Write Protect is off
[    4.292941] sd 2:0:0:0: [sda] Incomplete mode parameter data
[    4.300559] sd 2:0:0:0: [sda] Assuming drive cache: write through
[    4.308476] sd 2:0:1:0: [sdb] Incomplete mode parameter data
[    4.316061] sd 2:0:1:0: [sdb] Assuming drive cache: write through
[    4.361748]  sda: sda1
[    4.368480] sd 2:0:0:0: [sda] Attached SCSI disk
[    4.377923] sd 2:0:1:0: [sdb] Attached SCSI disk
[    4.952452] e1000 0000:00:08.0 eth1: (PCI:33MHz:32-bit) 08:00:27:df:59:db
[    4.961921] e1000 0000:00:08.0 eth1: Intel(R) PRO/1000 Network Connection
[    4.972582] e1000 0000:00:08.0 enp0s8: renamed from eth1
[    4.990138] e1000 0000:00:03.0 enp0s3: renamed from eth0
Begin: Loading essential drivers ... [    7.328161] raid6: sse2x1   gen() 11882 MB/s
[    7.383380] raid6: sse2x1   xor()  7545 MB/s
[    7.448088] raid6: sse2x2   gen() 12933 MB/s
[    7.500090] raid6: sse2x2   xor()  8187 MB/s
[    7.564048] raid6: sse2x4   gen() 16830 MB/s
[    7.620082] raid6: sse2x4   xor()  8700 MB/s
[    7.625583] raid6: using algorithm sse2x4 gen() 16830 MB/s
[    7.632749] raid6: .... xor() 8700 MB/s, rmw enabled
[    7.639798] raid6: using ssse3x2 recovery algorithm
[    7.648337] xor: measuring software checksum speed
[    7.758193]    prefetch64-sse: 46749.000 MB/sec
[    7.864953]    generic_sse: 44412.000 MB/sec
[    7.870613] xor: using function: prefetch64-sse (46749.000 MB/sec)
[    7.880003] async_tx: api initialized (async)
done.
Begin: Running /scripts/init-premount ... done.
Begin: Mounting root file system ... Begin: Running /scripts/local-top ... done.
Begin: Running /scripts/local-premount ... [    7.962512] Btrfs loaded, crc32c=crc32c-intel
Scanning for Btrfs filesystems
done.
Warning: fsck not present, so skipping root file system
[    8.095303] EXT4-fs (sda1): mounted filesystem with ordered data mode. Opts: (null)
done.
Begin: Running /scripts/local-bottom ... done.
Begin: Running /scripts/init-bottom ... done.
[    8.744085] ip_tables: (C) 2000-2006 Netfilter Core Team
[    8.794180] systemd[1]: systemd 237 running in system mode. (+PAM +AUDIT +SELINUX +IMA +APPARMOR +SMACK +SYSVINIT +UTMP +LIBCRYPTSETUP +GCRYPT +GNUTLS +ACL +XZ +LZ4 +SECCOMP +BLKID +ELFUTILS +KMOD -IDN2 +IDN -PCRE2 default-hierarchy=hybrid)
[    8.820258] systemd[1]: Detected virtualization oracle.
[    8.827237] systemd[1]: Detected architecture x86-64.

Welcome to [1mUbuntu 18.04.6 LTS[0m!

[    8.851262] systemd[1]: Set hostname to <ubuntu-bionic>.
[   10.614386] systemd[1]: Started Forward Password Requests to Wall Directory Watch.
[[0;32m  OK  [0m] Started Forward Password Requests to Wall Directory Watch.
[   10.632040] systemd[1]: Reached target User and Group Name Lookups.
[[0;32m  OK  [0m] Reached target User and Group Name Lookups.
[   10.647201] systemd[1]: Created slice System Slice.
[[0;32m  OK  [0m] Created slice System Slice.
[   10.659499] systemd[1]: Listening on Journal Socket (/dev/log).
[[0;32m  OK  [0m] Listening on Journal Socket (/dev/log).
[   10.673450] systemd[1]: Listening on LVM2 poll daemon socket.
[[0;32m  OK  [0m] Listening on LVM2 poll daemon socket.
[   10.685884] systemd[1]: Listening on udev Kernel Socket.
[[0;32m  OK  [0m] Listening on udev Kernel Socket.
[[0;32m  OK  [0m] Listening on udev Control Socket.
[[0;32m  OK  [0m] Listening on Device-mapper event daemon FIFOs.
[[0;32m  OK  [0m] Listening on Journal Socket.
         Mounting Huge Pages File System...
         Mounting Kernel Debug File System...
         Starting Create list of required stâ€¦ce nodes for the current kernel...
         Starting Set the console keyboard layout...
         Mounting POSIX Message Queue File System...
         Starting udev Coldplug all Devices...
[[0;32m  OK  [0m] Listening on fsck to fsckd communication Socket.
         Starting File System Check on Root Device...
         Starting Uncomplicated firewall...
[[0;32m  OK  [0m] Reached target Mounting snaps.
[[0;32m  OK  [0m] Reached target Mounted snaps.
[[0;32m  OK  [0m] Set up automount Arbitrary Executabâ€¦rmats File System Automount Point.
[[0;32m  OK  [0m] Created slice system-serial\x2dgetty.slice.
[[0;32m  OK  [0m] Listening on Syslog Socket.
[[0;32m  OK  [0m] Listening on Network Service Netlink Socket.
[[0;32m  OK  [0m] Reached target System Time Synchronized.
[[0;32m  OK  [0m] Listening on Journal Audit Socket.
         Starting Journal Service...
[[0;32m  OK  [0m] Created slice User and Session Slice.
[[0;32m  OK  [0m] Reached target Slices.
         Starting Load Kernel Modules...
[[0;32m  OK  [0m] Listening on /dev/initctl Compatibility Named Pipe.
[[0;32m  OK  [0m] Reached target Swap.
[[0;32m  OK  [0m] Listening on LVM2 metadata daemon socket.
         Starting Monitoring of LVM2 mirrorsâ€¦ng dmeventd or progress polling...
[[0;32m  OK  [0m] Started Journal Service.[   11.053505] Loading iSCSI transport class v2.0-870.

[[0;32m  OK  [0m] Mounted Huge Pages File System.
[[0;32m  OK  [0m] Mounted Kernel Debug File System.
[[0;32m  OK  [0m] Started Create list of required staâ€¦vice nodes for the current kernel.
[[0;32m  OK  [0m] Mounted POSIX Message Queue File System.
[[0;32m  OK  [0m] Started File System Check on Root Device.
[[0;32m  OK  [0m] Started Uncomplicated firewall.
[[0;32m  OK  [0m] Started File System Check Daemon to report status.
         Starting Remount Root and Kernel File Systems...
         Starting Create Static Device Nodes in /dev...
[   11.182685] iscsi: registered transport (tcp)
[[0;32m  OK  [0m] Started udev Coldplug all Devices.
[[0;32m  OK  [0m] Started Set the console keyboard layout.
[[0;32m  OK  [0m] Started LVM2 metadata daemon.
[   11.377916] iscsi: registered transport (iser)
[[0;32m  OK  [0m] Started Load Kernel Modules.
         Starting Apply Kernel Variables...
         Mounting FUSE Control File System...[   11.405958] EXT4-fs (sda1): re-mounted. Opts: (null)

         Mounting Kernel Configuration File System...
[[0;32m  OK  [0m] Started Remount Root and Kernel File Systems.
[[0;32m  OK  [0m] Mounted FUSE Control File System.
[[0;32m  OK  [0m] Mounted Kernel Configuration File System.
         Starting Load/Save Random Seed...
         Starting Flush Journal to Persistent Storage...
[[0;32m  OK  [0m] Started Create Static Device Nodes in /dev.
[[0;32m  OK  [0m] Started Load/Save Random Seed.
         Starting udev Kernel Device Manager...
[[0;32m  OK  [0m] Started Monitoring of LVM2 mirrors,â€¦sing dmeventd or progress polling.
[[0;32m  OK  [0m] Started Apply Kernel Variables.
[[0;32m  OK  [0m] Reached target Local File Systems (Pre).
[[0;32m  OK  [0m] Reached target Local File Systems.
         Starting Tell Plymouth To Write Out Runtime Data...
         Starting ebtables ruleset management...
         Starting AppArmor initialization...
         Starting Set console font and keymap...
[[0;32m  OK  [0m] Started Tell Plymouth To Write Out Runtime Data.
[[0;32m  OK  [0m] Started Set console font and keymap.
[[0;32m  OK  [0m] Started Flush Journal to Persistent Storage.
         Starting Create Volatile Files and Directories...
[[0;32m  OK  [0m] Started udev Kernel Device Manager.
[[0;32m  OK  [0m] Started Dispatch Password Requests to Console Directory Watch.
[[0;32m  OK  [0m] Reached target Local Encrypted Volumes.
[[0;32m  OK  [0m] Started Create Volatile Files and Directories.
[[0;32m  OK  [0m] Started ebtables ruleset management.
         Starting Update UTMP about System Boot/Shutdown...
[[0;32m  OK  [0m] Started Update UTMP about System Boot/Shutdown.
[[0;32m  OK  [0m] Found device /dev/ttyS0.
[[0;32m  OK  [0m] Started AppArmor initialization.
         Starting Initial cloud-init job (pre-networking)...
         Starting Load AppArmor profiles managed internally by snapd...
         Mounting Arbitrary Executable File Formats File System...
[[0;32m  OK  [0m] Mounted Arbitrary Executable File Formats File System.
[[0;32m  OK  [0m] Listening on Load/Save RF Kill Switch Status /dev/rfkill Watch.
[[0;32m  OK  [0m] Started Load AppArmor profiles managed internally by snapd.
[   17.382270] cloud-init[533]: Cloud-init v. 23.1.2-0ubuntu0~18.04.1 running 'init-local' at Sun, 10 Nov 2024 22:07:08 +0000. Up 17.06 seconds.
[[0;32m  OK  [0m] Started Initial cloud-init job (pre-networking).
[[0;32m  OK  [0m] Reached target Network (Pre).
         Starting Network Service...
[[0;32m  OK  [0m] Started Network Service.
         Starting Wait for Network to be Configured...
         Starting Network Name Resolution...
[[0;32m  OK  [0m] Started Network Name Resolution.
[[0;32m  OK  [0m] Reached target Host and Network Name Lookups.
[[0;32m  OK  [0m] Reached target Network.
[[0;32m  OK  [0m] Started Wait for Network to be Configured.
         Starting Initial cloud-init job (metadata service crawler)...
[   21.237632] cloud-init[687]: Cloud-init v. 23.1.2-0ubuntu0~18.04.1 running 'init' at Sun, 10 Nov 2024 22:07:12 +0000. Up 21.06 seconds.
[   21.256069] cloud-init[687]: ci-info: ++++++++++++++++++++++++++++++++++++++Net device info+++++++++++++++++++++++++++++++++++++++
[   21.269994] cloud-init[687]: ci-info: +--------+------+-----------------------------+---------------+--------+-------------------+
[   21.288611] cloud-init[687]: ci-info: | Device |  Up  |           Address           |      Mask     | Scope  |     Hw-Address    |
[   21.310287] cloud-init[687]: ci-info: +--------+------+-----------------------------+---------------+--------+-------------------+
[   21.327382] cloud-init[687]: ci-info: | enp0s3 | True |          10.0.2.15          | 255.255.255.0 | global | 02:3b:7b:b7:3b:2d |
[   21.348423] cloud-init[687]: ci-info: | enp0s3 | True |  fe80::3b:7bff:feb7:3b2d/64 |       .       |  link  | 02:3b:7b:b7:3b:2d |
[   21.361061] cloud-init[687]: ci-info: | enp0s8 | True |        192.168.56.10        | 255.255.255.0 | global | 08:00:27:df:59:db |
[   21.380249] cloud-init[687]: ci-info: | enp0s8 | True | fe80::a00:27ff:fedf:59db/64 |       .       |  link  | 08:00:27:df:59:db |
[   21.390319] cloud-init[687]: ci-info: |   lo   | True |          127.0.0.1          |   255.0.0.0   |  host  |         .         |
[   21.401161] cloud-init[687]: ci-info: |   lo   | True |           ::1/128           |       .       |  host  |         .         |
[   21.412692] cloud-init[687]: ci-info: +--------+------+-----------------------------+---------------+--------+-------------------+
[   21.422892] cloud-init[687]: ci-info: +++++++++++++++++++++++++++++Route IPv4 info+++++++++++++++++++++++++++++
[   21.435243] cloud-init[687]: ci-info: +-------+--------------+----------+-----------------+-----------+-------+
[   21.445732] cloud-init[687]: ci-info: | Route | Destination  | Gateway  |     Genmask     | Interface | Flags |
[   21.461386] cloud-init[687]: ci-info: +-------+--------------+----------+-----------------+-----------+-------+
[   21.478316] cloud-init[687]: ci-info: |   0   |   0.0.0.0    | 10.0.2.2 |     0.0.0.0     |   enp0s3  |   UG  |
[   21.496101] cloud-init[687]: ci-info: |   1   |   10.0.2.0   | 0.0.0.0  |  255.255.255.0  |   enp0s3  |   U   |
[   21.505811] cloud-init[687]: ci-info: |   2   |   10.0.2.2   | 0.0.0.0  | 255.255.255.255 |   enp0s3  |   UH  |
[   21.514694] cloud-init[687]: ci-info: |   3   | 192.168.56.0 | 0.0.0.0  |  255.255.255.0  |   enp0s8  |   U   |
[   21.524911] cloud-init[687]: ci-info: +-------+--------------+----------+-----------------+-----------+-------+
[   21.534625] cloud-init[687]: ci-info: +++++++++++++++++++Route IPv6 info+++++++++++++++++++
[   21.542005] cloud-init[687]: ci-info: +-------+-------------+---------+-----------+-------+
[   21.550159] cloud-init[687]: ci-info: | Route | Destination | Gateway | Interface | Flags |
[   21.559646] cloud-init[687]: ci-info: +-------+-------------+---------+-----------+-------+
[   21.569791] cloud-init[687]: ci-info: |   1   |  fe80::/64  |    ::   |   enp0s8  |   U   |
[   21.579829] cloud-init[687]: ci-info: |   2   |  fe80::/64  |    ::   |   enp0s3  |   U   |
[   21.587700] cloud-init[687]: ci-info: |   4   |    local    |    ::   |   enp0s3  |   U   |
[   21.601830] cloud-init[687]: ci-info: |   5   |    local    |    ::   |   enp0s8  |   U   |
[   21.612044] cloud-init[687]: ci-info: |   6   |   ff00::/8  |    ::   |   enp0s8  |   U   |
[   21.623748] cloud-init[687]: ci-info: |   7   |   ff00::/8  |    ::   |   enp0s3  |   U   |
[   21.646183] cloud-init[687]: ci-info: +-------+-------------+---------+-----------+-------+
[[0;32m  OK  [0m] Started Initial cloud-init job (metadata service crawler).
[[0;32m  OK  [0m] Reached target Network is Online.
         Starting Availability of block devices...
[[0;32m  OK  [0m] Reached target Remote File Systems (Pre).
         Mounting /var/www/html...
[[0;32m  OK  [0m] Reached target Cloud-config availability.
[[0;32m  OK  [0m] Reached target System Initialization.
         Starting LXD - unix socket.
[[0;32m  OK  [0m] Started Discard unused blocks once a week.
[[0;32m  OK  [0m] Started Daily apt download activities.
[[0;32m  OK  [0m] Started Daily apt upgrade and clean activities.
[[0;32m  OK  [0m] Listening on Open-iSCSI iscsid Socket.
[[0;32m  OK  [0m] Started Daily Cleanup of Temporary Directories.
[[0;32m  OK  [0m] Started ACPI Events Check.
[[0;32m  OK  [0m] Reached target Paths.
[[0;32m  OK  [0m] Listening on UUID daemon activation socket.
[[0;32m  OK  [0m] Listening on ACPID Listen Socket.
[[0;32m  OK  [0m] Listening on D-Bus System Message Bus Socket.
         Starting Socket activation for snappy daemon.
[[0;32m  OK  [0m] Listening on cloud-init hotplug hook socket.
[[0;32m  OK  [0m] Started Message of the Day.
[[0;32m  OK  [0m] Started Ubuntu Advantage Timer for running repeated jobs.
[[0;32m  OK  [0m] Reached target Timers.
[[0;32m  OK  [0m] Started Availability of block devices.
[[0;32m  OK  [0m] Mounted /var/www/html.
[[0;32m  OK  [0m] Listening on LXD - unix socket.
[[0;32m  OK  [0m] Listening on Socket activation for snappy daemon.
[[0;32m  OK  [0m] Reached target Sockets.
[[0;32m  OK  [0m] Reached target Basic System.
[[0;32m  OK  [0m] Started D-Bus System Message Bus.
         Starting Dispatcher daemon for systemd-networkd...
[[0;32m  OK  [0m] Started irqbalance daemon.
         Starting Accounts Service...
[[0;32m  OK  [0m] Reached target Login Prompts (Pre).
         Starting OpenBSD Secure Shell server...
[[0;32m  OK  [0m] Started FUSE filesystem for LXC.
         Starting LSB: Record successful boot for GRUB...
         Starting Virtualbox guest utils...
         Starting Snap Daemon...
[[0;32m  OK  [0m] Started Deferred execution scheduler.
         Starting Login Service...
         Starting System Logging Service...
[[0;32m  OK  [0m] Started Regular background program processing daemon.
         Starting LXD - container startup/shutdown...
[[0;32m  OK  [0m] Reached target Remote File Systems.
         Starting LSB: automatic crash report generation...
         Starting Permit User Sessions...
         Starting The Apache HTTP Server...
[[0;32m  OK  [0m] Started System Logging Service.
[[0;32m  OK  [0m] Started OpenBSD Secure Shell server.
[[0;32m  OK  [0m] Started Permit User Sessions.
[[0;32m  OK  [0m] Started Login Service.
[[0;32m  OK  [0m] Started Unattended Upgrades Shutdown.
         Starting Hold until boot process finishes up...
         Starting Terminate Plymouth Boot Screen...
         Starting Authorization Manager...
[[0;32m  OK  [0m] Started Hold until boot process finishes up.
[[0;32m  OK  [0m] Started Terminate Plymouth Boot Screen.
[[0;32m  OK  [0m] Started Serial Getty on ttyS0.
         Starting Set console scheme...
[[0;32m  OK  [0m] Started Dispatcher daemon for systemd-networkd.
[[0;32m  OK  [0m] Started Set console scheme.
[[0;32m  OK  [0m] Created slice system-getty.slice.
[[0;32m  OK  [0m] Started Getty on tty1.
[[0;32m  OK  [0m] Reached target Login Prompts.
[[0;32m  OK  [0m] Started LSB: automatic crash report generation.
[[0;32m  OK  [0m] Started Authorization Manager.
[[0;32m  OK  [0m] Started Accounts Service.
[[0;32m  OK  [0m] Started LSB: Record successful boot for GRUB.
[[0;32m  OK  [0m] Started Virtualbox guest utils.
[[0;32m  OK  [0m] Created slice User Slice of vagrant.
         Starting User Manager for UID 1000...
[[0;32m  OK  [0m] Started Session 1 of user vagrant.
[[0;32m  OK  [0m] Started The Apache HTTP Server.
[[0;32m  OK  [0m] Started User Manager for UID 1000.
[[0;32m  OK  [0m] Started LXD - container startup/shutdown.
[[0;32m  OK  [0m] Started Snap Daemon.
         Starting Wait until snapd is fully seeded...
         Starting Time & Date Service...
[[0;32m  OK  [0m] Started Time & Date Service.
[[0;32m  OK  [0m] Started Wait until snapd is fully seeded.
         Starting Apply the settings specified in cloud-config...
[   28.301453] cloud-init[1249]: Cloud-init v. 23.1.2-0ubuntu0~18.04.1 running 'modules:config' at Sun, 10 Nov 2024 22:07:19 +0000. Up 28.11 seconds.
[[0;32m  OK  [0m] Started Apply the settings specified in cloud-config.
[[0;32m  OK  [0m] Reached target Multi-User System.
[[0;32m  OK  [0m] Reached target Graphical Interface.
         Starting Update UTMP about System Runlevel Changes...
         Starting Execute cloud user/final scripts...
[   29.281565] cloud-init[1373]: Cloud-init v. 23.1.2-0ubuntu0~18.04.1 running 'modules:final' at Sun, 10 Nov 2024 22:07:20 +0000. Up 29.04 seconds.
[   29.314760] cloud-init[1373]: Cloud-init v. 23.1.2-0ubuntu0~18.04.1 finished at Sun, 10 Nov 2024 22:07:20 +0000. Datasource DataSourceNoCloud [seed=/dev/sdb][dsmode=net].  Up 29.26 seconds

Ubuntu 18.04.6 LTS ubuntu-bionic ttyS0

ubuntu-bionic login: 